node.exe : 
No linha:1 caractere:1
+ & "C:\Program 
Files\nodejs/node.exe" 
"C:\Program 
Files\nodejs/node_mo ...
+ ~~~~~~~~~~~~~~~~~~~~~~~~~~~~~
~~~~~~~~~~~~~~~~~~~~~~~~~~~~~~~
~~~~~~~~~
    + CategoryInfo          :  
   NotSpecified: (:String) []  
  , RemoteException
    + FullyQualifiedErrorId :  
   NativeCommandError
 
<--- Last few GCs --->

[15328:0000021795D27000]    
53209 ms: Mark-Compact 4073.3 
(4099.0) -> 4062.7 (4098.8) 
MB, pooled: 0 MB, 1283.41 / 
0.00 ms  (average mu = 0.184, 
current mu = 0.013) allocation 
failure; scavenge might not 
succeed
[15328:0000021795D27000]    
54417 ms: Mark-Compact 4064.7 
(4099.0) -> 4062.7 (4090.3) 
MB, pooled: 9 MB, 1200.33 / 
0.00 ms  (average mu = 0.102, 
current mu = 0.006) allocation 
failure; scavenge might not 
succeed

FATAL ERROR: Ineffective 
mark-compacts near heap limit 
Allocation failed - JavaScript 
heap out of memory
----- Native stack trace -----

 1: 00007FF7A85C97FF 
node::OnFatalError+1343
 2: 00007FF7A920DA77 
v8::Function::NewInstance+423
 3: 00007FF7A900E327 v8::base::
AddressSpaceReservation::Addres
sSpaceReservation+322071
 4: 00007FF7A9012034 v8::base::
AddressSpaceReservation::Addres
sSpaceReservation+337700
 5: 00007FF7A9020FCC v8::intern
al::StrongRootAllocatorBase::de
allocate_impl+16604
 6: 00007FF7A902080B v8::intern
al::StrongRootAllocatorBase::de
allocate_impl+14619
 7: 00007FF7AA4889AD v8::base::
UnsignedDivisionByConstant<unsi
gned __int64>+2791325
 8: 00007FF7A900BDF0 v8::base::
AddressSpaceReservation::Addres
sSpaceReservation+312544
 9: 00007FF7A902667A 
X509_STORE_set_cleanup+5098
10: 00007FF7A9032A96 
uv_timer_set_repeat+20566
11: 00007FF7A8C05BB7 v8::String
::Utf8Value::~Utf8Value+143495
12: 00000217CE43733A 
